{
  "version": "1.5.0",
  "plugins_used": [
    {
      "name": "ArtifactoryDetector"
    },
    {
      "name": "AWSKeyDetector"
    },
    {
      "name": "AzureStorageKeyDetector"
    },
    {
      "name": "Base64HighEntropyString",
      "limit": 4.5
    },
    {
      "name": "BasicAuthDetector"
    },
    {
      "name": "CloudantDetector"
    },
    {
      "name": "DiscordBotTokenDetector"
    },
    {
      "name": "GitHubTokenDetector"
    },
    {
      "name": "GitLabTokenDetector"
    },
    {
      "name": "HexHighEntropyString",
      "limit": 3.0
    },
    {
      "name": "IbmCloudIamDetector"
    },
    {
      "name": "IbmCosHmacDetector"
    },
    {
      "name": "IPPublicDetector"
    },
    {
      "name": "JwtTokenDetector"
    },
    {
      "name": "KeywordDetector",
      "keyword_exclude": ""
    },
    {
      "name": "MailchimpDetector"
    },
    {
      "name": "NpmDetector"
    },
    {
      "name": "OpenAIDetector"
    },
    {
      "name": "PrivateKeyDetector"
    },
    {
      "name": "PypiTokenDetector"
    },
    {
      "name": "SendGridDetector"
    },
    {
      "name": "SlackDetector"
    },
    {
      "name": "SoftlayerDetector"
    },
    {
      "name": "SquareOAuthDetector"
    },
    {
      "name": "StripeDetector"
    },
    {
      "name": "TelegramBotTokenDetector"
    },
    {
      "name": "TwilioKeyDetector"
    }
  ],
  "filters_used": [
    {
      "path": "detect_secrets.filters.allowlist.is_line_allowlisted"
    },
    {
      "path": "detect_secrets.filters.common.is_ignored_due_to_verification_policies",
      "min_level": 2
    },
    {
      "path": "detect_secrets.filters.heuristic.is_indirect_reference"
    },
    {
      "path": "detect_secrets.filters.heuristic.is_likely_id_string"
    },
    {
      "path": "detect_secrets.filters.heuristic.is_lock_file"
    },
    {
      "path": "detect_secrets.filters.heuristic.is_not_alphanumeric_string"
    },
    {
      "path": "detect_secrets.filters.heuristic.is_potential_uuid"
    },
    {
      "path": "detect_secrets.filters.heuristic.is_prefixed_with_dollar_sign"
    },
    {
      "path": "detect_secrets.filters.heuristic.is_sequential_string"
    },
    {
      "path": "detect_secrets.filters.heuristic.is_swagger_file"
    },
    {
      "path": "detect_secrets.filters.heuristic.is_templated_secret"
    }
  ],
  "results": {
    "clients/_template.yml": [
      {
        "type": "Secret Keyword",
        "filename": "clients/_template.yml",
        "hashed_secret": "1121b862e228d10bbcc1dd195ddbe32cf0cb2ff6",
        "is_verified": false,
        "line_number": 34
      },
      {
        "type": "Secret Keyword",
        "filename": "clients/_template.yml",
        "hashed_secret": "8aa827d66a180ded6876df719421a3e85287321e",
        "is_verified": false,
        "line_number": 35
      }
    ],
    "scripts/youtube_oauth_consent.py": [
      {
        "type": "Secret Keyword",
        "filename": "scripts/youtube_oauth_consent.py",
        "hashed_secret": "df43d0819c2c2430f491051a43dbee387c9b6cf5",
        "is_verified": false,
        "line_number": 36
      }
    ],
    "tests/conftest.py": [
      {
        "type": "Base64 High Entropy String",
        "filename": "tests/conftest.py",
        "hashed_secret": "4b457525ee27c4a349c5e8ad9ec7bfc19a2fabeb",
        "is_verified": false,
        "line_number": 60
      },
      {
        "type": "Private Key",
        "filename": "tests/conftest.py",
        "hashed_secret": "1348b145fa1a555461c1b790a2f66614781091e9",
        "is_verified": false,
        "line_number": 74
      }
    ],
    "tests/test_run_ga4.py": [
      {
        "type": "Base64 High Entropy String",
        "filename": "tests/test_run_ga4.py",
        "hashed_secret": "4b457525ee27c4a349c5e8ad9ec7bfc19a2fabeb",
        "is_verified": false,
        "line_number": 105
      }
    ],
    "tests/test_run_tiktok_organic.py": [
      {
        "type": "Secret Keyword",
        "filename": "tests/test_run_tiktok_organic.py",
        "hashed_secret": "bb561b19dce7b6e153bc1f93a292327f3386e008",
        "is_verified": false,
        "line_number": 322
      },
      {
        "type": "Secret Keyword",
        "filename": "tests/test_run_tiktok_organic.py",
        "hashed_secret": "42708550c903559dbd0be54743344f0a6258c7a5",
        "is_verified": false,
        "line_number": 323
      }
    ],
    "tests/test_run_youtube.py": [
      {
        "type": "Secret Keyword",
        "filename": "tests/test_run_youtube.py",
        "hashed_secret": "a62f2225bf70bfaccbc7f1ef2a397836717377de",
        "is_verified": false,
        "line_number": 92
      },
      {
        "type": "Secret Keyword",
        "filename": "tests/test_run_youtube.py",
        "hashed_secret": "a0281cd072cea8e80e7866b05dc124815760b6c9",
        "is_verified": false,
        "line_number": 465
      }
    ]
  },
  "generated_at": "2026-09-04T23:37:09Z"
}
